../Core/Src/main.c:67:6:UART_Transmit	16	static
../Core/Src/main.c:73:6:UART_Receive	16	static
../Core/Src/main.c:82:6:TransmitTask	16	static
../Core/Src/main.c:89:6:ReceiveTask	152	static
../Core/Src/main.c:120:5:main	56	static
../Core/Src/main.c:164:6:StartDefaultTask	16	static
../Core/Src/main.c:176:6:SystemClock_Config	88	static
../Core/Src/main.c:212:6:MX_USART1_UART_Init	8	static
../Core/Src/main.c:232:6:MX_GPIO_Init	16	static
../Core/Src/main.c:241:6:Error_Handler	4	static,ignoring_inline_asm
